<html>
<body>
<pre>
<h1>µVision Build Log</h1>
<h2>Project:</h2>
C:\XQ_STM32_TIM2_OK\XQ_STM32_TIM2_OK\V21\XQ_STM32_INT.uvproj
Project File Date:  02/06/2014

<h2>Output:</h2>
Build target 'XQ_STM32_INT'
compiling main.c...
linking...
Program Size: Code=6768 RO-data=336 RW-data=48 ZI-data=1632  
FromELF: creating hex file...
".\Obj\XQ_STM32_INT.axf" - 0 Errors, 0 Warning(s).
Load "C:\\XQ_STM32_TIM2_OK\\XQ_STM32_TIM2_OK\\V21\\Obj\\XQ_STM32_INT.axf" 
Build target 'XQ_STM32_INT'
linking...
Program Size: Code=6768 RO-data=336 RW-data=48 ZI-data=1632  
FromELF: creating hex file...
".\Obj\XQ_STM32_INT.axf" - 0 Errors, 0 Warning(s).
Load "C:\\XQ_STM32_TIM2_OK\\XQ_STM32_TIM2_OK\\V21\\Obj\\XQ_STM32_INT.axf" 
Set JLink Project File to "C:\XQ_STM32_TIM2_OK\XQ_STM32_TIM2_OK\V21\JLinkSettings.ini"
* JLink Info: Device "STM32F103VC" selected (256 KB flash, 48 KB RAM).
 
JLink info:
------------
DLL: V4.68a, compiled Apr 12 2013 13:26:50
Firmware: J-Link ARM V8 compiled Nov 14 2012 22:34:52
Hardware: V8.00
S/N : 270676280 
Feature(s) : RDI,FlashDL,FlashBP,JFlash,GDBFULL 
 
* JLink Info: TotalIRLen = 9, IRPrint = 0x0011
* JLink Info: TotalIRLen = 9, IRPrint = 0x0011
* JLink Info: Found Cortex-M3 r1p1, Little endian.
* JLink Info: TPIU fitted.
* JLink Info: ETM fitted.
* JLink Info: FPUnit: 6 code (BP) slots and 2 literal slots
ROMTableAddr = 0xE00FF003
* JLink Info: Found Cortex-M3 r1p1, Little endian.
* JLink Info: TPIU fitted.
* JLink Info: ETM fitted.
* JLink Info: FPUnit: 6 code (BP) slots and 2 literal slots
 
Target info:
------------
Device: STM32F103VC
VTarget = 4.497V
State of Pins: 
TCK: 1, TDI: 0, TDO: 0, TMS: 0, TRES: 1, TRST: 1
Hardware-Breakpoints: 6
Software-Breakpoints: 8192
Watchpoints:          4
JTAG speed: 2000 kHz
 
Erase Done.
Programming Done.
Verify OK.
Build target 'XQ_STM32_INT'
compiling stm32f10x_it.c...
linking...
Program Size: Code=6768 RO-data=336 RW-data=48 ZI-data=1632  
FromELF: creating hex file...
".\Obj\XQ_STM32_INT.axf" - 0 Errors, 0 Warning(s).
Load "C:\\XQ_STM32_TIM2_OK\\XQ_STM32_TIM2_OK\\V21\\Obj\\XQ_STM32_INT.axf" 
Set JLink Project File to "C:\XQ_STM32_TIM2_OK\XQ_STM32_TIM2_OK\V21\JLinkSettings.ini"
* JLink Info: Device "STM32F103VC" selected (256 KB flash, 48 KB RAM).
 
JLink info:
------------
DLL: V4.68a, compiled Apr 12 2013 13:26:50
Firmware: J-Link ARM V8 compiled Nov 14 2012 22:34:52
Hardware: V8.00
S/N : 270676280 
Feature(s) : RDI,FlashDL,FlashBP,JFlash,GDBFULL 
 
* JLink Info: TotalIRLen = 9, IRPrint = 0x0011
* JLink Info: TotalIRLen = 9, IRPrint = 0x0011
* JLink Info: Found Cortex-M3 r1p1, Little endian.
* JLink Info: TPIU fitted.
* JLink Info: ETM fitted.
* JLink Info: FPUnit: 6 code (BP) slots and 2 literal slots
ROMTableAddr = 0xE00FF003
* JLink Info: Found Cortex-M3 r1p1, Little endian.
* JLink Info: TPIU fitted.
* JLink Info: ETM fitted.
* JLink Info: FPUnit: 6 code (BP) slots and 2 literal slots
 
Target info:
------------
Device: STM32F103VC
VTarget = 4.451V
State of Pins: 
TCK: 1, TDI: 0, TDO: 0, TMS: 0, TRES: 1, TRST: 1
Hardware-Breakpoints: 6
Software-Breakpoints: 8192
Watchpoints:          4
JTAG speed: 2000 kHz
 
Erase Done.
Programming Done.
Verify OK.
Build target 'XQ_STM32_INT'
compiling main.c...
linking...
Program Size: Code=6768 RO-data=336 RW-data=48 ZI-data=1632  
FromELF: creating hex file...
".\Obj\XQ_STM32_INT.axf" - 0 Errors, 0 Warning(s).
Load "C:\\XQ_STM32_TIM2_OK\\XQ_STM32_TIM2_OK\\V21\\Obj\\XQ_STM32_INT.axf" 
Set JLink Project File to "C:\XQ_STM32_TIM2_OK\XQ_STM32_TIM2_OK\V21\JLinkSettings.ini"
* JLink Info: Device "STM32F103VC" selected (256 KB flash, 48 KB RAM).
 
JLink info:
------------
DLL: V4.68a, compiled Apr 12 2013 13:26:50
Firmware: J-Link ARM V8 compiled Nov 14 2012 22:34:52
Hardware: V8.00
S/N : 270676280 
Feature(s) : RDI,FlashDL,FlashBP,JFlash,GDBFULL 
 
* JLink Info: TotalIRLen = 9, IRPrint = 0x0011
* JLink Info: TotalIRLen = 9, IRPrint = 0x0011
* JLink Info: Found Cortex-M3 r1p1, Little endian.
* JLink Info: TPIU fitted.
* JLink Info: ETM fitted.
* JLink Info: FPUnit: 6 code (BP) slots and 2 literal slots
ROMTableAddr = 0xE00FF003
* JLink Info: Found Cortex-M3 r1p1, Little endian.
* JLink Info: TPIU fitted.
* JLink Info: ETM fitted.
* JLink Info: FPUnit: 6 code (BP) slots and 2 literal slots
 
Target info:
------------
Device: STM32F103VC
VTarget = 4.406V
State of Pins: 
TCK: 1, TDI: 0, TDO: 0, TMS: 0, TRES: 1, TRST: 1
Hardware-Breakpoints: 6
Software-Breakpoints: 8192
Watchpoints:          4
JTAG speed: 2000 kHz
 
Erase Done.
Programming Done.
Verify OK.
Build target 'XQ_STM32_INT'
compiling main.c...
linking...
Program Size: Code=6768 RO-data=336 RW-data=48 ZI-data=1632  
FromELF: creating hex file...
".\Obj\XQ_STM32_INT.axf" - 0 Errors, 0 Warning(s).
Load "C:\\XQ_STM32_TIM2_OK\\XQ_STM32_TIM2_OK\\V21\\Obj\\XQ_STM32_INT.axf" 
Set JLink Project File to "C:\XQ_STM32_TIM2_OK\XQ_STM32_TIM2_OK\V21\JLinkSettings.ini"
* JLink Info: Device "STM32F103VC" selected (256 KB flash, 48 KB RAM).
 
JLink info:
------------
DLL: V4.68a, compiled Apr 12 2013 13:26:50
Firmware: J-Link ARM V8 compiled Nov 14 2012 22:34:52
Hardware: V8.00
S/N : 270676280 
Feature(s) : RDI,FlashDL,FlashBP,JFlash,GDBFULL 
 
* JLink Info: TotalIRLen = 9, IRPrint = 0x0011
* JLink Info: TotalIRLen = 9, IRPrint = 0x0011
* JLink Info: Found Cortex-M3 r1p1, Little endian.
* JLink Info: TPIU fitted.
* JLink Info: ETM fitted.
* JLink Info: FPUnit: 6 code (BP) slots and 2 literal slots
ROMTableAddr = 0xE00FF003
* JLink Info: Found Cortex-M3 r1p1, Little endian.
* JLink Info: TPIU fitted.
* JLink Info: ETM fitted.
* JLink Info: FPUnit: 6 code (BP) slots and 2 literal slots
 
Target info:
------------
Device: STM32F103VC
VTarget = 4.348V
State of Pins: 
TCK: 1, TDI: 0, TDO: 0, TMS: 0, TRES: 1, TRST: 1
Hardware-Breakpoints: 6
Software-Breakpoints: 8192
Watchpoints:          4
JTAG speed: 2000 kHz
 
Erase Done.
Programming Done.
Verify OK.
Build target 'XQ_STM32_INT'
compiling stm32f10x_it.c...
linking...
Program Size: Code=6768 RO-data=336 RW-data=48 ZI-data=1632  
FromELF: creating hex file...
".\Obj\XQ_STM32_INT.axf" - 0 Errors, 0 Warning(s).
Load "C:\\XQ_STM32_TIM2_OK\\XQ_STM32_TIM2_OK\\V21\\Obj\\XQ_STM32_INT.axf" 
Set JLink Project File to "C:\XQ_STM32_TIM2_OK\XQ_STM32_TIM2_OK\V21\JLinkSettings.ini"
* JLink Info: Device "STM32F103VC" selected (256 KB flash, 48 KB RAM).
 
JLink info:
------------
DLL: V4.68a, compiled Apr 12 2013 13:26:50
Firmware: J-Link ARM V8 compiled Nov 14 2012 22:34:52
Hardware: V8.00
S/N : 270676280 
Feature(s) : RDI,FlashDL,FlashBP,JFlash,GDBFULL 
 
* JLink Info: TotalIRLen = 9, IRPrint = 0x0011
* JLink Info: TotalIRLen = 9, IRPrint = 0x0011
* JLink Info: Found Cortex-M3 r1p1, Little endian.
* JLink Info: TPIU fitted.
* JLink Info: ETM fitted.
* JLink Info: FPUnit: 6 code (BP) slots and 2 literal slots
ROMTableAddr = 0xE00FF003
* JLink Info: Found Cortex-M3 r1p1, Little endian.
* JLink Info: TPIU fitted.
* JLink Info: ETM fitted.
* JLink Info: FPUnit: 6 code (BP) slots and 2 literal slots
 
Target info:
------------
Device: STM32F103VC
VTarget = 4.510V
State of Pins: 
TCK: 1, TDI: 0, TDO: 0, TMS: 0, TRES: 1, TRST: 1
Hardware-Breakpoints: 6
Software-Breakpoints: 8192
Watchpoints:          4
JTAG speed: 2000 kHz
 
Erase Done.
Programming Done.
Verify OK.
